[17:54:54] [ServerMain/INFO]: [bootstrap] Running Java 25 (OpenJDK 64-Bit Server VM 25.0.3+9-2-24.04.2-Ubuntu; Ubuntu null) on Linux 6.8.0-1052-azure (amd64)
[17:54:54] [ServerMain/INFO]: [bootstrap] Loading Paper 26.1.2-60-main@b4682bf (2026-05-04T06:25:04Z) for Minecraft 26.1.2
[17:54:54] [ServerMain/INFO]: [PluginInitializerManager] Initializing plugins...
[17:54:54] [ServerMain/INFO]: [PluginInitializerManager] Initialized 0 plugins
[17:54:58] [ServerMain/INFO]: Environment: Environment[sessionHost=https://sessionserver.mojang.com, servicesHost=https://api.minecraftservices.com, profilesHost=https://api.mojang.com, name=PROD]
[17:55:00] [ServerMain/INFO]: Loaded 1515 recipes
[17:55:00] [ServerMain/INFO]: Loaded 1617 advancements
[17:55:00] [ServerMain/INFO]: [ca.spottedleaf.dataconverter.minecraft.datatypes.MCTypeRegistry] Initialising converters for DataConverter...
[17:55:01] [ServerMain/INFO]: [ca.spottedleaf.dataconverter.minecraft.datatypes.MCTypeRegistry] Finished initialising converters for DataConverter in 448.6ms
[17:55:01] [Server thread/INFO]: Starting minecraft server version 26.1.2
[17:55:01] [Server thread/INFO]: Loading properties
[17:55:02] [Server thread/INFO]: This server is running Paper version 26.1.2-60-main@b4682bf (2026-05-04T06:25:04Z) (Implementing API version 26.1.2.build.60-stable)
[17:55:02] [Server thread/INFO]: [spark] This server bundles the spark profiler. For more information please visit https://docs.papermc.io/paper/profiling
[17:55:02] [Server thread/INFO]: Server Ping Player Sample Count: 12
[17:55:02] [Server thread/INFO]: Using 4 threads for Netty based IO
[17:55:03] [Server thread/INFO]: [MoonriseCommon] Paper is using 1 worker threads, 1 I/O threads
[17:55:03] [Server thread/INFO]: Default game type: SURVIVAL
[17:55:03] [Server thread/INFO]: Generating keypair
[17:55:03] [Server thread/INFO]: Starting Minecraft server on *:25565
[17:55:03] [Server thread/INFO]: Paper: Using libdeflate (Linux x86_64) compression from Velocity.
[17:55:03] [Server thread/INFO]: Paper: Using OpenSSL 3.x.x (Linux x86_64) cipher from Velocity.
[17:55:03] [Server thread/INFO]: Server permissions file permissions.yml is empty, ignoring it
[17:55:03] [Server thread/WARN]: **** SERVER IS RUNNING IN OFFLINE/INSECURE MODE!
[17:55:03] [Server thread/WARN]: The server will make no attempt to authenticate usernames. Beware.
[17:55:03] [Server thread/WARN]: While this makes the game possible to play without internet access, it also opens up the ability for hackers to connect with any username they choose.
[17:55:03] [Server thread/WARN]: To change this, set "online-mode" to "true" in the server.properties file.
[17:55:03] [Server thread/INFO]: Preparing level "world"
[17:55:04] [Server thread/INFO]: Loading 0 persistent chunks for level 'minecraft:overworld'...
[17:55:04] [Server thread/INFO]: Preparing spawn area: 100%
[17:55:04] [Server thread/INFO]: Prepared spawn area in 2 ms
[17:55:04] [Server thread/INFO]: Loading 0 persistent chunks for level 'minecraft:the_nether'...
[17:55:04] [Server thread/INFO]: Prepared spawn area in 0 ms
[17:55:04] [Server thread/INFO]: Loading 0 persistent chunks for level 'minecraft:the_end'...
[17:55:04] [Server thread/INFO]: Prepared spawn area in 0 ms
[17:55:04] [Server thread/INFO]: Done preparing level "world" (0.501s)
[17:55:04] [Server thread/INFO]: [spark] Starting background profiler...
[17:55:04] [Server thread/INFO]: Saving chunks for level 'ServerLevel[world]'/minecraft:overworld
[17:55:04] [Server thread/INFO]: Saving chunks for level 'ServerLevel[world]'/minecraft:the_nether
[17:55:04] [Server thread/INFO]: Saving chunks for level 'ServerLevel[world]'/minecraft:the_end
[17:55:04] [Server thread/INFO]: ThreadedAnvilChunkStorage (world): All chunks are saved
[17:55:04] [Server thread/INFO]: ThreadedAnvilChunkStorage (DIM-1): All chunks are saved
[17:55:04] [Server thread/INFO]: ThreadedAnvilChunkStorage (DIM1): All chunks are saved
[17:55:04] [Server thread/INFO]: ThreadedAnvilChunkStorage: All dimensions are saved
[17:55:04] [Server thread/INFO]: Running delayed init tasks
[17:55:04] [Server thread/INFO]: Done (11.574s)! For help, type "help"
[17:55:05] [Paper Async Task Handler Thread - 1/INFO]: *** Currently you are 14 build(s) behind ***
[17:55:05] [Paper Async Task Handler Thread - 1/INFO]: *** It is highly recommended to download the latest build from https://papermc.io/downloads/paper ***
